=== RUN   TestAgendamentoUseCase_Criar_Success
--- PASS: TestAgendamentoUseCase_Criar_Success (0.07s)
=== RUN   TestAgendamentoUseCase_Buscar_Success
--- PASS: TestAgendamentoUseCase_Buscar_Success (0.00s)
=== RUN   TestAgendamentoUseCase_Aceitar_Success
--- PASS: TestAgendamentoUseCase_Aceitar_Success (0.00s)
=== RUN   TestAgendamentoUseCase_Listar_Success
--- PASS: TestAgendamentoUseCase_Listar_Success (0.00s)
=== RUN   TestAnexoImagemUseCase_CreateAnexoImagem_Success
--- PASS: TestAnexoImagemUseCase_CreateAnexoImagem_Success (0.00s)
=== RUN   TestAvaliacaoUseCase_Criar_Success
--- PASS: TestAvaliacaoUseCase_Criar_Success (0.00s)
=== RUN   TestAvaliacaoUseCase_Criar_ServicoNaoConcluido
--- PASS: TestAvaliacaoUseCase_Criar_ServicoNaoConcluido (0.00s)
=== RUN   TestAvaliacaoUseCase_Criar_JaAvaliado
--- PASS: TestAvaliacaoUseCase_Criar_JaAvaliado (0.00s)
=== RUN   TestAvaliacaoUseCase_ListarPorPrestador
--- PASS: TestAvaliacaoUseCase_ListarPorPrestador (0.00s)
=== RUN   TestAvaliacaoUseCase_MediaPorPrestador
--- PASS: TestAvaliacaoUseCase_MediaPorPrestador (0.00s)
=== RUN   TestCatalogoUseCase_Criar_Success
--- PASS: TestCatalogoUseCase_Criar_Success (0.00s)
=== RUN   TestCatalogoUseCase_Listar_Success
--- PASS: TestCatalogoUseCase_Listar_Success (0.00s)
=== RUN   TestCatalogoUseCase_Apagar_Success
--- FAIL: TestCatalogoUseCase_Apagar_Success (0.00s)
panic: 
	assert: mock: I don't know what to return because the method call was unexpected.
		Either do Mock.On("Delete").Return(...) first, or remove the Delete() call.
		This method was unexpected:
			Delete(context.backgroundCtx,uint)
			0: context.backgroundCtx{emptyCtx:context.emptyCtx{}}
			1: 0x1
		at: [C:/Users/PC/IdeaProjects/ServicoJa/servicoJa-api/internal/usecases/usecases_test/mocks/catalogo_repo_mock.go:25 C:/Users/PC/IdeaProjects/ServicoJa/servicoJa-api/internal/usecases/catalogo_usecase.go:114 C:/Users/PC/IdeaProjects/ServicoJa/servicoJa-api/internal/usecases/usecases_test/catalogo_usecase_test.go:73] [recovered]
	panic: 
	assert: mock: I don't know what to return because the method call was unexpected.
		Either do Mock.On("Delete").Return(...) first, or remove the Delete() call.
		This method was unexpected:
			Delete(context.backgroundCtx,uint)
			0: context.backgroundCtx{emptyCtx:context.emptyCtx{}}
			1: 0x1
		at: [C:/Users/PC/IdeaProjects/ServicoJa/servicoJa-api/internal/usecases/usecases_test/mocks/catalogo_repo_mock.go:25 C:/Users/PC/IdeaProjects/ServicoJa/servicoJa-api/internal/usecases/catalogo_usecase.go:114 C:/Users/PC/IdeaProjects/ServicoJa/servicoJa-api/internal/usecases/usecases_test/catalogo_usecase_test.go:73]

goroutine 29 [running]:
testing.tRunner.func1.2({0x10c57e0, 0xc00028ea20})
	C:/Program Files/Go/src/testing/testing.go:1734 +0x219
testing.tRunner.func1()
	C:/Program Files/Go/src/testing/testing.go:1737 +0x359
panic({0x10c57e0?, 0xc00028ea20?})
	C:/Program Files/Go/src/runtime/panic.go:792 +0x132
github.com/stretchr/testify/mock.(*Mock).fail(0xc00026ad70, {0x113795b?, 0x4?}, {0xc000213140?, 0x2?, 0x2?})
	C:/Users/PC/go/pkg/mod/github.com/stretchr/testify@v1.11.1/mock/mock.go:359 +0x125
github.com/stretchr/testify/mock.(*Mock).MethodCalled(0xc00026ad70, {0x11c648a, 0x6}, {0xc00020b060, 0x2, 0x2})
	C:/Users/PC/go/pkg/mod/github.com/stretchr/testify@v1.11.1/mock/mock.go:527 +0x785
github.com/stretchr/testify/mock.(*Mock).Called(0xc00026ad70, {0xc00020b060, 0x2, 0x2})
	C:/Users/PC/go/pkg/mod/github.com/stretchr/testify@v1.11.1/mock/mock.go:491 +0x125
github.com/ManuelMassora/servicoJa-api/internal/usecases/usecases_test/mocks.(*MockCatalogoRepo).Delete(0xc00026ad70, {0x11861c8, 0x13986e0}, 0x1)
	C:/Users/PC/IdeaProjects/ServicoJa/servicoJa-api/internal/usecases/usecases_test/mocks/catalogo_repo_mock.go:25 +0xb9
github.com/ManuelMassora/servicoJa-api/internal/usecases.(*CatalogoUseCase).Apagar(0xc00002ff40, {0x11861c8, 0x13986e0}, 0x1, 0xa)
	C:/Users/PC/IdeaProjects/ServicoJa/servicoJa-api/internal/usecases/catalogo_usecase.go:114 +0x9a
github.com/ManuelMassora/servicoJa-api/internal/usecases/usecases_test_test.TestCatalogoUseCase_Apagar_Success(0xc000207500)
	C:/Users/PC/IdeaProjects/ServicoJa/servicoJa-api/internal/usecases/usecases_test/catalogo_usecase_test.go:73 +0x1fe
testing.tRunner(0xc000207500, 0x113d600)
	C:/Program Files/Go/src/testing/testing.go:1792 +0xcb
created by testing.(*T).Run in goroutine 1
	C:/Program Files/Go/src/testing/testing.go:1851 +0x3f6
FAIL	github.com/ManuelMassora/servicoJa-api/internal/usecases/usecases_test	1.855s
FAIL
